// Jest Snapshot v1, https://goo.gl/fbAQLP

exports[`xion currency bridge scanAccounts xion seed 1 1`] = `
[
  {
    "balance": "676335",
    "currencyId": "xion",
    "derivationMode": "",
    "freshAddress": "xion1gyauvl44q2apn3u3aujm36q8zrj74vryh3y4ez",
    "freshAddressPath": "44'/118'/0'/0/0",
    "id": "js:2:xion:xion1gyauvl44q2apn3u3aujm36q8zrj74vryh3y4ez:",
    "index": 0,
    "pendingOperations": [],
    "seedIdentifier": "03d5e0ebb3f1ae2afe87e5d5a24b5029a59cc12f8fd1056840091b2f0b97e54e83",
    "spendableBalance": "562180",
    "swapHistory": [],
    "syncHash": undefined,
    "used": true,
    "xpub": "xion1gyauvl44q2apn3u3aujm36q8zrj74vryh3y4ez",
  },
  {
    "balance": "0",
    "currencyId": "xion",
    "derivationMode": "",
    "freshAddress": "xion1v2mp0m7k96dm9qv60fkspcqlzpkzrwneqvf069",
    "freshAddressPath": "44'/118'/1'/0/0",
    "id": "js:2:xion:xion1v2mp0m7k96dm9qv60fkspcqlzpkzrwneqvf069:",
    "index": 1,
    "pendingOperations": [],
    "seedIdentifier": "03d5e0ebb3f1ae2afe87e5d5a24b5029a59cc12f8fd1056840091b2f0b97e54e83",
    "spendableBalance": "0",
    "swapHistory": [],
    "syncHash": undefined,
    "used": false,
    "xpub": "xion1v2mp0m7k96dm9qv60fkspcqlzpkzrwneqvf069",
  },
]
`;

exports[`xion currency bridge scanAccounts xion seed 1 2`] = `
[
  [
    {
      "accountId": "js:2:xion:xion1gyauvl44q2apn3u3aujm36q8zrj74vryh3y4ez:",
      "blockHash": null,
      "blockHeight": 4486960,
      "extra": {
        "memo": "Ledger Live",
      },
      "fee": "4349",
      "hasFailed": false,
      "hash": "3E0ED76323E0606A7AFABC7B1C7DDA4D07FE78F6B4CFCFF141F37F4532CF3267",
      "id": "js:2:xion:xion1gyauvl44q2apn3u3aujm36q8zrj74vryh3y4ez:-3E0ED76323E0606A7AFABC7B1C7DDA4D07FE78F6B4CFCFF141F37F4532CF3267-IN",
      "recipients": [
        "xion1gyauvl44q2apn3u3aujm36q8zrj74vryh3y4ez",
      ],
      "senders": [
        "xion1g84934jpu3v5de5yqukkkhxmcvsw3u2as0krm5",
      ],
      "transactionSequenceNumber": 3,
      "type": "IN",
      "value": "684211",
    },
    {
      "accountId": "js:2:xion:xion1gyauvl44q2apn3u3aujm36q8zrj74vryh3y4ez:",
      "blockHash": null,
      "blockHeight": 4486979,
      "extra": {
        "memo": "Ledger Live",
        "validators": [
          {
            "address": "xionvaloper1t8ysd9cg6s38ak9xfadkjtvfv9uczvrn8wzv77",
            "amount": "114155",
          },
        ],
      },
      "fee": "7876",
      "hasFailed": false,
      "hash": "C0042A42F14C0454C8F5D46BA16C50B6810E5E3504E25C731BB03DD688083B47",
      "id": "js:2:xion:xion1gyauvl44q2apn3u3aujm36q8zrj74vryh3y4ez:-C0042A42F14C0454C8F5D46BA16C50B6810E5E3504E25C731BB03DD688083B47-DELEGATE",
      "recipients": [],
      "senders": [],
      "transactionSequenceNumber": 0,
      "type": "DELEGATE",
      "value": "7876",
    },
  ],
  [],
]
`;
